// Jest Snapshot v1, https://goo.gl/fbAQLP

exports[`Pruebas en <FirstApp> Match con snapshot 1`] = `
<div>
  <h1>
    Alexander
  </h1>
  <p>
    asignado desde funcion
  </p>
  <p>
    asignado desde funcion
  </p>
  <h2>
    Hola soy el titulo
  </h2>
</div>
`;
